// Jest Snapshot v1, https://goo.gl/fbAQLP

exports[`Dashboard matches snapshot 1`] = `
<React.Fragment>
  Dashboard
</React.Fragment>
`;
