// Jest Snapshot v1, https://goo.gl/fbAQLP

exports[`NewCampaignFormWrapper matches snapshot 1`] = `
<WithStyles(Paper)>
  <WithStyles(NewCampaign) />
</WithStyles(Paper)>
`;
