// Jest Snapshot v1, https://goo.gl/fbAQLP

exports[`NewCampaignForm matches snapshot 1`] = `
<NewCampaign
  classes={
    Object {
      "root": "NewCampaign-root-1",
    }
  }
/>
`;
