// Jest Snapshot v1, https://goo.gl/fbAQLP

exports[`NewList renders elements 1`] = `
<div>
  <button
    data-test="import-csv"
    onClick={[Function]}
  >
    Import CSV
  </button>
</div>
`;
