// Jest Snapshot v1, https://goo.gl/fbAQLP

exports[`Link renders a Link and passes props 1`] = `<Link__StyledLink />`;
