// Jest Snapshot v1, https://goo.gl/fbAQLP

exports[`Campaigns matches snapshot 1`] = `
<React.Fragment>
  Campaigns
</React.Fragment>
`;
