// Jest Snapshot v1, https://goo.gl/fbAQLP

exports[`Lists matches snapshot 1`] = `
<React.Fragment>
  <NewList />
</React.Fragment>
`;
