// Jest Snapshot v1, https://goo.gl/fbAQLP

exports[`Settings matches snapshot 1`] = `
<React.Fragment>
  Settings
</React.Fragment>
`;
